// Jest Snapshot v1, https://goo.gl/fbAQLP

exports[`matches snapshot 1`] = `
<DocumentFragment>
  <div
    class="Box"
    data-testid="singleBox"
  />
  <button
    class="Box-Button"
  >
    X
  </button>
</DocumentFragment>
`;
